// Jest Snapshot v1, https://goo.gl/fbAQLP

exports[`Input field Should return Invalid Field 1`] = `
<div class="form-control invalid"><label for="name" id="for-label">name </label><input placeholder="Name" id="name" type="text">
  <p>invalid field</p>
</div>
`;

exports[`Input field should return Valid Field 1`] = `
<div class="form-control"><label for="name" id="for-label">name <p>valid field</p></label><input placeholder="Name" id="name" type="text">
  <!--v-if-->
</div>
`;
